ch/unifr/ICPRdocumentclustering/graph/GraphExporterGXL.class
ch/unifr/gmtools/graph/GraphXML.class
ch/unifr/gmtools/graph/GraphUtil.class
ch/unifr/ICPRdocumentclustering/graph/GraphExporter.class
ch/unifr/hisdoc2/dataStructures/comparator/pointComparator/RelativeAngleOrder.class
ch/unifr/ICPRdocumentclustering/graph/OrientedWeightedEdge.class
ch/unifr/gmtools/graph/GraphEvaluator.class
ch/unifr/gmtools/GraphXMLPlotter.class
ch/unifr/ICPRdocumentclustering/graph/AngieMSTGraph$Distance.class
ch/unifr/gmtools/rosinSimplifier/Rosin$SegmentRes.class
ch/unifr/gmtools/groundTruth/Polygon2Page.class
org/opensphere/geometry/triangulation/model/Vertex.class
ch/unifr/ICPRdocumentclustering/graph/GraphUtil.class
ch/unifr/hisdoc2/topology/TopologyUtil.class
ch/unifr/gmtools/graph/PolygonGraphCutter.class
ch/unifr/gmtools/OcropusPlotterIEEEevaluationDouglasRosin.class
ch/unifr/gmtools/rosinSimplifier/Rosin.class
ch/unifr/gmtools/util/IO.class
ch/unifr/gmtools/visualise/SVGPrinter.class
org/opensphere/geometry/triangulation/DoubleComparator.class
ch/unifr/gmtools/parameters/DoGBinarisationGrid.class
ch/unifr/gmtools/groundTruth/PageFormat2OverlayImage.class
ch/unifr/gmtools/graph/GraphXML2OverlayImage.class
ch/unifr/hisdoc2/dataStructures/PointHD2.class
ch/unifr/ICPRdocumentclustering/DocumentGraphExtractor.class
ch/unifr/gmtools/OcropusPlotter.class
ch/unifr/gmtools/graph/PointHD2.class
ch/unifr/ICPRdocumentclustering/graph/AngieMSTGraph$InterestPointDetector.class
ch/unifr/ICPRdocumentclustering/graph/AngieMSTGraph$1.class
ch/unifr/gmtools/graph/GraphXML$1.class
org/opensphere/geometry/triangulation/model/Edge.class
ch/unifr/hisdoc2/BinaryPageImageProcessing.class
ch/unifr/gmtools/DoGBinarisationEval.class
ch/unifr/gmtools/AlternativeGraphEvaluator.class
ch/unifr/gmtools/visualise/svg/SVGDummyImageHandler.class
ch/unifr/gmtools/ocropusvis/IEEEevaluationDouglasRosinBasedonOcropus.class
org/opensphere/geometry/algorithm/ConcaveHull.class
ch/unifr/gmtools/AWTPolygonPlotter.class
ch/unifr/gmtools/util/IO$1.class
org/opensphere/geometry/triangulation/model/Triangle.class
ch/unifr/gmtools/PAGEPlotter.class
ch/unifr/ICPRdocumentclustering/graph/AngieMSTGraph.class
ch/unifr/gmtools/rosinSimplifier/Rosin$DeviationRes.class
ch/unifr/hisdoc2/dataStructures/LineHD2.class
ch/unifr/gmtools/AWTPolygon2PageXML.class
ch/unifr/gmtools/ocropusvis/OcropusLayout2Polygon.class
ch/unifr/gmtools/visualise/svg/AbstractDummyImageHandler.class
