/mnt/d/DEV/UniFr/methods_maven/graphExtractor/src/main/java/ch/unifr/gmtools/visualise/svg/AbstractDummyImageHandler.java
/mnt/d/DEV/UniFr/methods_maven/graphExtractor/src/main/java/ch/unifr/gmtools/AWTPolygonPlotter.java
/mnt/d/DEV/UniFr/methods_maven/graphExtractor/src/main/java/ch/unifr/gmtools/OcropusPlotterIEEEevaluationDouglasRosin.java
/mnt/d/DEV/UniFr/methods_maven/graphExtractor/src/main/java/ch/unifr/gmtools/graph/PointHD2.java
/mnt/d/DEV/UniFr/methods_maven/graphExtractor/src/main/java/org/opensphere/geometry/triangulation/model/Triangle.java
/mnt/d/DEV/UniFr/methods_maven/graphExtractor/src/main/java/ch/unifr/hisdoc2/topology/TopologyUtil.java
/mnt/d/DEV/UniFr/methods_maven/graphExtractor/src/main/java/ch/unifr/gmtools/groundTruth/PageFormat2OverlayImage.java
/mnt/d/DEV/UniFr/methods_maven/graphExtractor/src/main/java/ch/unifr/hisdoc2/BinaryPageImageProcessing.java
/mnt/d/DEV/UniFr/methods_maven/graphExtractor/src/main/java/ch/unifr/gmtools/ocropusvis/IEEEevaluationDouglasRosinBasedonOcropus.java
/mnt/d/DEV/UniFr/methods_maven/graphExtractor/src/main/java/ch/unifr/gmtools/graph/GraphXML2OverlayImage.java
/mnt/d/DEV/UniFr/methods_maven/graphExtractor/src/main/java/ch/unifr/gmtools/visualise/SVGPrinter.java
/mnt/d/DEV/UniFr/methods_maven/graphExtractor/src/main/java/ch/unifr/gmtools/util/IO.java
/mnt/d/DEV/UniFr/methods_maven/graphExtractor/src/main/java/ch/unifr/hisdoc2/dataStructures/LineHD2.java
/mnt/d/DEV/UniFr/methods_maven/graphExtractor/src/main/java/org/opensphere/geometry/triangulation/model/Edge.java
/mnt/d/DEV/UniFr/methods_maven/graphExtractor/src/main/java/ch/unifr/gmtools/OcropusPlotter.java
/mnt/d/DEV/UniFr/methods_maven/graphExtractor/src/main/java/ch/unifr/hisdoc2/dataStructures/comparator/pointComparator/RelativeAngleOrder.java
/mnt/d/DEV/UniFr/methods_maven/graphExtractor/src/main/java/org/opensphere/geometry/triangulation/DoubleComparator.java
/mnt/d/DEV/UniFr/methods_maven/graphExtractor/src/main/java/ch/unifr/ICPRdocumentclustering/DocumentGraphExtractor.java
/mnt/d/DEV/UniFr/methods_maven/graphExtractor/src/main/java/ch/unifr/gmtools/rosinSimplifier/Rosin.java
/mnt/d/DEV/UniFr/methods_maven/graphExtractor/src/main/java/ch/unifr/gmtools/DoGBinarisationEval.java
/mnt/d/DEV/UniFr/methods_maven/graphExtractor/src/main/java/ch/unifr/gmtools/graph/GraphXML.java
/mnt/d/DEV/UniFr/methods_maven/graphExtractor/src/main/java/ch/unifr/gmtools/PAGEPlotter.java
/mnt/d/DEV/UniFr/methods_maven/graphExtractor/src/main/java/ch/unifr/gmtools/AlternativeGraphEvaluator.java
/mnt/d/DEV/UniFr/methods_maven/graphExtractor/src/main/java/ch/unifr/ICPRdocumentclustering/graph/AngieMSTGraph.java
/mnt/d/DEV/UniFr/methods_maven/graphExtractor/src/main/java/ch/unifr/gmtools/ocropusvis/OcropusLayout2Polygon.java
/mnt/d/DEV/UniFr/methods_maven/graphExtractor/src/main/java/ch/unifr/ICPRdocumentclustering/graph/GraphUtil.java
/mnt/d/DEV/UniFr/methods_maven/graphExtractor/src/main/java/ch/unifr/gmtools/graph/GraphUtil.java
/mnt/d/DEV/UniFr/methods_maven/graphExtractor/src/main/java/ch/unifr/gmtools/groundTruth/Polygon2Page.java
/mnt/d/DEV/UniFr/methods_maven/graphExtractor/src/main/java/ch/unifr/gmtools/graph/PolygonGraphCutter.java
/mnt/d/DEV/UniFr/methods_maven/graphExtractor/src/main/java/ch/unifr/gmtools/graph/GraphEvaluator.java
/mnt/d/DEV/UniFr/methods_maven/graphExtractor/src/main/java/ch/unifr/hisdoc2/dataStructures/PointHD2.java
/mnt/d/DEV/UniFr/methods_maven/graphExtractor/src/main/java/org/opensphere/geometry/triangulation/model/Vertex.java
/mnt/d/DEV/UniFr/methods_maven/graphExtractor/src/main/java/ch/unifr/ICPRdocumentclustering/graph/OrientedWeightedEdge.java
/mnt/d/DEV/UniFr/methods_maven/graphExtractor/src/main/java/ch/unifr/ICPRdocumentclustering/graph/GraphExporterGXL.java
/mnt/d/DEV/UniFr/methods_maven/graphExtractor/src/main/java/org/opensphere/geometry/algorithm/ConcaveHull.java
/mnt/d/DEV/UniFr/methods_maven/graphExtractor/src/main/java/ch/unifr/gmtools/parameters/DoGBinarisationGrid.java
/mnt/d/DEV/UniFr/methods_maven/graphExtractor/src/main/java/ch/unifr/ICPRdocumentclustering/graph/GraphExporter.java
/mnt/d/DEV/UniFr/methods_maven/graphExtractor/src/main/java/ch/unifr/gmtools/AWTPolygon2PageXML.java
/mnt/d/DEV/UniFr/methods_maven/graphExtractor/src/main/java/ch/unifr/gmtools/GraphXMLPlotter.java
/mnt/d/DEV/UniFr/methods_maven/graphExtractor/src/main/java/ch/unifr/gmtools/visualise/svg/SVGDummyImageHandler.java
